GAMS Rev 238  WEX-WEI 23.8.2 x86_64/MS Windows                                                                                                                                                                                         09/14/13 14:20:15 Page 1
G e n e r a l   A l g e b r a i c   M o d e l i n g   S y s t e m
C o m p i l a t i o n


   4   
   5  *SAM table
   6  set     e        energy product  /
   7           coal    Coal,
   8           oil     Crude oil,
   9           roil    Refined oil,
  10           ng      Natural gas,
  11           eleh    Electricity & heat,
  12           othe    Other energy/;
  13   
  14  set      i      /
  15           PROD    Production,
  16           DX      Domestic outflow,
  17           X       Export,
  18           DRC     Domestic inflow,
  19           RC      Import,
  20           COL
  21           CRU
  22           OIL
  23           GAS
  24           ELE
  25           AGR
  26           IND
  27           CON
  28           TRP
  29           SER
  30           HHG     Household + government
  31  /;
  32   
  33  set      r Chinese provinces       /BJ,TJ,HE,SX,NM,LN,JL,HL,SH,JS,ZJ,AH,FJ,JX,SD,HA,HB,HN,GD,GX,HI,CQ,SC,GZ,YN,SN,GS,QH,NX,XJ/;
  34   
  35  parameter egy_prov(e,i,r),egy_bench(e,i),nh_prov(r);
  36   
GDXIN   C:\Users\zhangda\Dropbox\ChinaBalancedSAM4\data\gdx\egyaggr.gdx
--- LOAD  egy_prov = 7:egy_prov
--- LOAD  egy_bench = 8:egy_bench
--- LOAD  nh_prov = 9:nh_prov
  41  display egy_bench,egy_prov,nh_prov;
  42   
  43   
  44  *----------------------------------------------*
  45  *       Balance provincial energy data         *
  46  *----------------------------------------------*
  47  parameter
  48          egy_provsum(i)  Pronvincial sum data.
  49          lamda           Panalty parameter;
  50   
  51  egy_provsum(i) = sum(r,egy_prov('ROIL',i,r));
  52  *If provincial sum is equal to zero, set the benchmark value to zero
  53  egy_bench('ROIL',i)$(egy_provsum(i)=0) = 0;
  54   
  55  lamda = 10;
  56   
GAMS Rev 238  WEX-WEI 23.8.2 x86_64/MS Windows                                                                                                                                                                                         09/14/13 14:20:15 Page 2
G e n e r a l   A l g e b r a i c   M o d e l i n g   S y s t e m
C o m p i l a t i o n


  57  positive variable
  58          x(i,r)  Adjusted provincial EBT value;
  59   
  60  variable
  61          j               Objective function;
  62   
  63  Equation
  64          obj,
  65          benchind,
  66          balance(r),
  67          trade;
  68   
  69  obj..
  70          j =e= sum((r,i)$(egy_prov('ROIL',i,r)>1e-5),sqr(x(i,r)/egy_prov('ROIL',i,r)-1))
  71  + lamda * sum(i$((not((sameas(i,"DRC") or (sameas(i,"DX"))))) and (egy_bench('ROIL',i)>1e-5)),sqr(sum(r,x(i,r))/egy_bench('ROIL',i) - 1));
  72   
  73  benchind..
  74          sum(r,x("IND",r)) =e= egy_bench('ROIL',"IND");
  75   
  76  balance(r)..
  77          2*((x("PROD",r) + x("DRC",r) + x("RC",r))) =e= sum(i,x(i,r));
  78   
  79  trade..
  80          sum(r,x("DX",r)) =e= sum(r,x("DRC",r));
  81   
  82  x.l(i,r) = egy_prov('ROIL',i,r);
  83  *x.l(e,i,r)$(not((sameas(i,"DRC") or (sameas(i,"DX")))))= egy_prov(e,i,r)/egy_provsum(e,i)*egy_bench(e,i);
  84  x.fx(i,r)$(x.l(i,r)=0) = 0;
  85  * Fix energy use in transportation and final use
  86  x.fx("TRP",r)=x.l("TRP",r);
  87  x.fx("HHG",r)=x.l("HHG",r);
  88   
  89   
  90  Model   gua /obj,benchind,balance,trade/;
  91  gua.iterlim=1000;
  92  Solve gua minimizing j using nlp;
  93   
  94   
  95  parameter egyadjusted(i,r);
  96  egyadjusted(i,r)=x.l(i,r);
  97   
EXIT C:\Users\zhangda\Dropbox\ChinaBalancedSAM4\egybalance.gms
GAMS Rev 238  WEX-WEI 23.8.2 x86_64/MS Windows                                                                                                                                                                                         09/14/13 14:20:15 Page 3
G e n e r a l   A l g e b r a i c   M o d e l i n g   S y s t e m
Include File Summary


   SEQ   GLOBAL TYPE      PARENT   LOCAL  FILENAME

     1        1 INPUT          0       0  C:\Users\zhangda\Dropbox\ChinaBalancedSAM4\egybalance.gms
     2       37 GDXIN          1      37  C:\Users\zhangda\Dropbox\ChinaBalancedSAM4\data\gdx\egyaggr.gdx
     3       98 EXIT           1      98  C:\Users\zhangda\Dropbox\ChinaBalancedSAM4\egybalance.gms


COMPILATION TIME     =        0.000 SECONDS      3 Mb  WEX238-238 Apr  3, 2012
GAMS Rev 238  WEX-WEI 23.8.2 x86_64/MS Windows                                                                                                                                                                                         09/14/13 14:20:15 Page 4
G e n e r a l   A l g e b r a i c   M o d e l i n g   S y s t e m
E x e c u t i o n


----     41 PARAMETER egy_bench  

             oil        PROD           X          RC         ELE         AGR         IND         CON         TRP         SER         HHG

coal              183275.727    5635.190    3951.874  101369.333    1767.380   69927.328     425.913     498.814    1332.570    6271.070
oil    46904.678   25863.312     554.830   23309.052      23.586                1405.914
roil               45577.869    3261.775    6962.255    1861.499    3109.234   15934.190    2489.824   17706.572    4450.828    3726.201
ng                  9001.459     345.800     534.660    1336.783                5323.724      27.818     138.666     441.536    1921.792
eleh               49147.855     179.020      52.245                1207.113   34080.986     399.980     709.517    3562.092    9061.397
othe                 918.094                             494.586                 418.008


----     41 PARAMETER egy_prov  

                   BJ          TJ          HE          SX          NM          LN          JL          HL          SH          JS          ZJ          AH          FJ          JX          SD          HA          HB          HN          GD          GX

coal.PROD     845.567     264.530    7217.416   46711.728   26609.281    5904.588    3004.929    6879.747     407.887    2885.418     616.061    7012.544    1937.982    2696.287   11696.943   14813.291     581.292    5454.310     728.864    1048.989
coal.DX       344.403      58.838    2384.309   44513.570   12821.786     844.730     508.190    2768.151    3295.327     358.976       4.424    2161.537     257.038     526.417    3286.714    5849.557                1074.432      24.595     959.906
coal.X        137.002                 221.101    2121.490     935.267       0.019      13.929       6.886                  47.837                                                     169.740                                          21.900
coal.DRC     2417.731    3377.810   16264.078   16144.711    1163.837    8093.203    3898.172    2328.404    7260.527   13961.282    9447.302    2616.828    3271.656    2217.293   15626.317    7860.652    7650.308    3701.292    8493.688    3250.741
coal.RC                                 8.992                 513.205     126.840       9.509       1.015                 173.952     139.245      59.589     133.001                                                                1104.193     984.278
coal.ELE     1099.424    1783.486    6902.583    6471.997    8606.595    5933.323    2872.217    3568.341    2509.526    9531.031    6788.619    3179.292    2408.185    1796.361   11820.283    7511.411    2894.641    2243.575    6298.700    1493.390
coal.AGR       36.900      12.394      15.983      77.591      89.107      88.433      55.599      32.384       1.450      45.670       6.625      26.825      45.329      19.722     198.595      72.480      64.275     243.950      40.132      23.447
coal.IND     1173.899    1637.342   12919.046    8838.744    4880.293    6680.084    2805.827    2629.518    1639.304    6901.383    3317.158    3951.602    2457.766    2415.189   11193.336    8408.735    4565.526    4972.851    3833.461    2718.719
coal.CON       11.575      16.069      26.966      48.974      68.561      56.515      58.100       3.544       8.222       3.262       7.248      27.579       5.726                  44.213                  66.029      15.806       1.747
coal.TRP       19.780      11.227      32.098      39.581      96.618      64.824      65.449      91.194       4.607      30.659       2.839      11.068       4.204       2.008      55.799      14.496     100.385       7.260       1.210      14.054
coal.SER      239.546      68.276     195.637     142.214     338.411      68.862     317.748                 111.000      29.852      21.358      66.319      66.906      14.178     157.866      18.810     146.968     251.630      30.878      46.474
coal.HHG      200.770      54.708     792.765     602.279     449.686     387.842     215.551     109.148      98.979      71.983      54.337     264.740      97.486     139.704     396.714     798.454     393.777     346.098      74.122      28.019
oil .oil     1358.470    1340.084    1555.360                 190.069    8114.134     937.590    2274.174    2456.578    3483.770    3190.667     639.284     503.339     566.397    5622.998     994.606    1286.369     953.405    4170.198     218.204
oil .PROD      67.258    2867.086     995.263                 256.176    2033.269     927.819    6028.163     119.931     364.564     118.702      13.557      31.658      14.957    4186.584     751.172     185.961      47.430    2041.212      22.466
oil .DX         0.014    1883.695     200.133                 123.988       5.714                3629.258      11.057      28.543                   1.814                            2285.760     180.689
oil .X                    268.434                                          17.472                                                                                                                                                      22.215
oil .DRC      862.546      70.673     410.796                            5089.959     528.026     118.388     245.176    1079.450     639.841     389.822     495.881     347.964    1559.180     158.003    1150.423     645.327     516.753     205.252
oil .RC       502.824     718.157     465.252                  85.702    1637.176                 253.148    2220.387    2163.629    2559.158     249.462                 213.290    2571.480     322.864                 288.263    1840.808
oil .ELE                                                                    1.200                                                      21.645                                                       0.614
oil .IND       74.144     163.703     115.819                  27.824     606.169     518.255     496.267     117.860      95.330     105.384      11.743      24.200       9.814     408.486      56.130      50.015      27.615     206.361       9.514
oil .SER                                                                   15.715
roil.PROD    1380.214    1243.619    1638.483      42.115     258.160    7758.626     949.099    2219.634    2578.386    3308.172    3289.249     750.694     525.619     579.648    5377.768    1061.897    1357.123     889.744    4383.165     250.438
roil.DX       937.950    4076.957     368.561      30.355      50.737    4584.089                 477.439    4397.678    1194.210    2843.419     218.356                 411.461    1381.702     177.652                 265.750    2412.765      76.747
roil.X        115.478      75.666       7.658                             519.324       0.279                 209.395      22.867      92.784                                                                                         318.893       7.723
roil.DRC     1257.866    3763.903     395.558     688.609    1067.765     378.989     277.264     202.417    4877.615    1002.625    2597.748     313.778    1091.468     642.579     807.009     587.408    1044.970     778.795    4652.361     912.385
roil.RC       345.411     214.144       8.689                  13.855      85.862       0.383                1325.933     102.978     207.807       6.756                                                                            1700.869
roil.ELE       62.289       1.829      10.220                   0.921     140.871       2.532     115.777     117.476      20.503      46.528       7.994      14.815      14.991      49.705      22.911      38.569      17.133     814.667       5.014
roil.AGR       19.436      30.619      48.116      70.285     113.764     138.897     134.151     238.629      58.381     206.669     295.279      93.357     207.281      90.412     409.437     149.322     220.602      20.477     144.208      39.101
roil.IND      677.379     411.161     636.289     216.705     190.348    1289.781     394.013     491.292    1502.756    1539.191    1144.692     276.666     559.275     220.888    1307.715     545.276     743.152     391.498    3548.113     125.111
roil.CON       41.149      34.967     142.418      18.699      39.259      34.873      33.255                 109.795     134.292     150.339      21.978      21.978      17.991     414.497      37.694      90.051      94.171      80.053      27.977
roil.TRP      634.848     306.482     625.976     328.593     705.825    1278.885     294.613     413.190    1764.448     952.599     900.624     375.220     449.791     332.401    1897.147     620.687     952.346     660.614    2057.966     553.652
roil.SER      207.552     205.984      90.392      47.300     189.025     124.225     205.610     337.945     395.762      42.458     171.227       2.186     172.278      51.332     376.773      49.068     162.871     149.329     368.145     115.011
roil.HHG      287.410      78.000     113.100      18.787      49.901     112.531     162.293     347.779     226.243     300.988     449.914      75.472     191.669      82.752     347.802      46.694     194.503      69.568     991.585     212.488
ng  .PROD                 177.422      94.962      91.903     937.379     115.976      32.053     339.150      32.585       7.049                                           5.852     109.060     209.608      16.492                 695.989
ng  .DX                   125.419      56.392                 584.826                                                       0.399      22.798       0.274                                          22.876                             864.899
ng  .X                                                                                                                                                                                                                                 99.085
ng  .DRC      620.312     137.788     121.703                              73.416      53.998      69.160     301.981     585.599     240.597      53.865       6.384       7.980     201.294     254.030      98.287      77.672     333.165      17.879
GAMS Rev 238  WEX-WEI 23.8.2 x86_64/MS Windows                                                                                                                                                                                         09/14/13 14:20:15 Page 5
G e n e r a l   A l g e b r a i c   M o d e l i n g   S y s t e m
E x e c u t i o n


         41 PARAMETER egy_prov  

                   BJ          TJ          HE          SX          NM          LN          JL          HL          SH          JS          ZJ          AH          FJ          JX          SD          HA          HB          HN          GD          GX

ng  .RC                                                                                                                                                                                                                               534.660
ng  .ELE      147.098      15.960                   7.182      56.208       0.665       8.911      79.401     100.548     299.117     147.484       2.926                               5.119      11.305       2.394       1.995     432.383
ng  .AGR                                                                                                                                                                                                        0.532
ng  .IND       71.288      92.036     142.917      57.456     224.972     185.003      71.288     328.909     141.184     240.331      55.860      28.188       6.384       5.320     199.500     355.908      69.958      46.683      69.692       7.904
ng  .CON        4.655                                                                                           0.133                                                                                                       0.399
ng  .TRP       28.462                   4.652       7.315       3.990                                           2.527       2.926                   0.266                               9.975       0.266                   0.399
ng  .SER      249.375      35.777       8.001       4.522       5.852       3.724       0.665                  28.994       3.990       1.330       5.320                   3.591      30.590       6.783                  13.965
ng  .HHG      119.434      46.018       4.703      15.428      61.530                   5.187                  61.180      45.885      13.126      16.891                   4.921      65.170      66.500      41.895      14.231      97.755       9.975
eleh.PROD     660.974     861.432    2479.778    2375.681    2782.004    2562.125    1140.684    1341.391    1063.949    4033.467    3594.932    1235.388    1322.917     630.048    5178.777    2658.221    2193.072    1142.724    3225.526     878.592
eleh.DX         0.307       1.168      94.046     568.486     843.019      26.522      47.181     169.221      19.947     238.254      76.016     130.961      49.811       5.641      12.696     109.421     820.161     108.398       5.150      82.589
eleh.X                                                                                              0.049                                                                                                                             145.464
eleh.DRC      555.472     133.362     460.826      62.507                 329.225                   0.553     426.184     393.956     209.873       8.837       1.942      26.337                  51.729     141.630     161.233     964.187      78.183
eleh.RC                                                                     0.516                  82.220                                                                                                                              49.590
eleh.AGR       16.419      13.851     176.349      34.879      43.749      30.713      10.717      19.885       6.477      30.074      19.223      14.759      13.101      26.227      86.731      91.551      46.591      89.397      90.835      21.580
eleh.IND      470.902     628.544    2099.624    1520.344    1422.790    1769.154     781.727     702.472    1013.005    3521.257    2950.376     835.877     916.020     461.860    4159.391    2046.635    1169.254     792.533    2823.655     668.566
eleh.CON       23.344       8.205      15.824      10.004       9.818      16.214       5.740       4.474      23.124      28.931      29.011       9.553      17.120       4.891      38.572      10.148      10.741       8.726      53.044       5.671
eleh.TRP       60.132      14.910      55.134      50.401      41.450      37.759      26.571      10.815      24.856      23.966      20.574      10.995      15.842       9.390      40.926      45.213      14.662      29.766      45.768       8.787
eleh.SER      441.689      96.783     130.811      61.499     100.690     195.564      69.585      64.510     241.017     262.478     428.145      66.097     112.540      46.038     296.024     127.771     100.200      75.731     568.302      55.278
eleh.HHG      203.652     231.333     368.816     192.573     320.488     815.940     199.162     452.738     161.707     322.465     281.460     175.983     200.425     102.339     544.437     279.210     173.092     199.405     507.085     114.303
othe.PROD       4.810      29.300     219.020     402.090      93.731     124.330     153.920      15.260      10.120      39.380     109.250       7.970      94.770      72.600      82.858      25.160                 209.480       2.730     301.150
othe.DX         0.060                                                                                                                               0.340
othe.DRC        8.610       8.630                               5.264                   7.640     120.510                                                                             198.596      88.910     197.900      41.720     160.630
othe.ELE       11.940                  96.060     373.500      30.752      15.330       7.570      58.060      10.120      39.030      48.728       7.520      13.640      25.600     225.755      72.400      35.950      29.460     119.500      94.180
othe.AGR                                                                                                                                                                                                                    5.200
othe.IND        1.420      37.930     122.960      28.590      68.244     109.000      91.290      77.710                   0.350      60.518       0.110      81.130      47.000      55.699      41.670     161.950      79.280      43.860     202.470
othe.HHG                                                                               62.700                                                                                                                             137.260                   4.500

        +          HI          CQ          SC          GZ          YN          SN          GS          QH          NX          XJ

coal.PROD                3148.306    6232.812    7661.107    5946.692   13881.858    3274.850     699.759    3103.170    4079.860
coal.DX         0.840     970.680     562.782    2212.253     874.966    7756.681     690.094     148.407    1151.079     326.814
coal.X                                  5.085       4.291                 410.229                              16.326      52.565
coal.DRC      266.504     837.864     709.793    1599.315    1227.460     165.784    1279.054     334.121     999.631     145.952
coal.RC        63.819                                                                                                       1.834
coal.ELE      245.751    1264.591    2608.642    3352.914    2445.008    2598.920    1724.097     351.972    1705.306    1825.676
coal.AGR                  199.392      22.048     203.385     149.422      15.719      27.397       3.001       3.262      73.603
coal.IND       82.274    1399.559    3223.141    2504.794    3403.834    3023.265    1735.365     454.293    1136.758    1685.555
coal.CON                   23.183      20.875       5.367      21.230       8.698      18.120       1.888       4.711      12.394
coal.TRP                   17.838       9.365       9.221      18.711      18.728      39.567       8.161       9.676      39.864
coal.SER        0.528       1.624      53.927     283.946      25.626     143.625      27.905       8.174       5.798      55.810
coal.HHG        0.930     109.303     436.740     684.251     235.354      71.776     291.359      57.984      69.885     155.365
oil .oil     1161.609                 339.078                            2295.403    2038.798     152.517     223.976    2563.823
oil .PROD      25.058       0.271      25.915                   0.229    3276.108     550.254     330.956      17.178    3925.836
oil .DX                                                                    56.258                 160.024                1349.313
oil .X                                                                    457.152
oil .DRC      115.117                 325.335                                        1550.174                 213.204
oil .RC      1021.435                                                                                                     246.605
oil .ELE                                                                                                                    0.129
oil .IND                    0.271      12.172                   0.229     467.295      61.630      18.415       6.400     259.177
GAMS Rev 238  WEX-WEI 23.8.2 x86_64/MS Windows                                                                                                                                                                                         09/14/13 14:20:15 Page 6
G e n e r a l   A l g e b r a i c   M o d e l i n g   S y s t e m
E x e c u t i o n


         41 PARAMETER egy_prov  

        +          HI          CQ          SC          GZ          YN          SN          GS          QH          NX          XJ

roil.PROD    1164.222      31.810     308.931      29.220      33.599    2197.437    1951.064     160.989     229.884    2389.576
roil.DX      1006.872                  26.928                  18.554     235.150    1096.160      38.513      59.687    1148.536
roil.X        113.414                   2.722                   0.515      71.518     208.089                               2.809
roil.DRC      138.728     524.467    1116.845     522.982     911.382       1.996                  26.241      53.511      48.632
roil.RC       205.330                  10.535                   0.515       1.162                                          10.444
roil.ELE        6.009       3.741       3.041                   3.334       2.168      35.132       0.665                  85.634
roil.AGR       36.910      17.163     156.505      12.390      33.671      48.774      40.204       4.255       8.031     105.317
roil.IND      115.836      73.957     235.746     130.696      99.297    1061.256     326.429      57.079      73.655     523.131
roil.CON       11.265      13.951      70.002      13.764      30.560      22.644      28.186       6.920       5.128      27.532
roil.TRP      160.089     397.062     732.183     297.391     606.577     449.003     187.888      55.802     115.431     380.351
roil.SER       35.589      34.267     194.199      84.518      49.425      89.799      17.482      13.889      14.657     126.882
roil.HHG       22.294      16.135      14.986      13.444     103.562     220.284      11.492      10.107       6.806      48.460
ng  .PROD      26.999     903.469    2283.743                   2.660    1478.694      19.817     456.205                2797.389
ng  .DX                   418.817     792.148                   0.023     928.872                 187.530                1868.916
ng  .X        246.582
ng  .DRC      530.803      94.297                  68.362      70.357                 152.684       0.712     119.567
ng  .ELE       81.396      16.226      60.648                              28.329       8.246      36.127       3.724     189.392
ng  .AGR                    7.980       0.266                                                       0.133
ng  .IND      222.775     412.167     934.990      67.032      70.334     278.236     135.394      54.796      94.563     640.129
ng  .CON                    0.665      40.964                                           0.399       0.243
ng  .TRP        3.724       1.330      27.531                                           9.842       5.985       1.330      41.230
ng  .SER        3.325      34.181      56.658                              73.150       9.044      95.627                  21.812
ng  .HHG                  106.400     370.538       1.330       2.660     170.107       9.576      76.475      19.950      35.910
eleh.PROD     136.111     463.221    1482.137    1409.258    1062.671    1093.123     965.018     338.417     586.867     958.986
eleh.DX         0.019      63.785     104.293     465.079     172.429     246.686       4.941      42.659      24.396
eleh.X                                                         31.413
eleh.DRC        2.311     179.594      44.305       0.124       8.444                              61.232      10.399
eleh.AGR        7.300       2.507      21.753       6.551      18.669      44.269      64.707       0.890      12.732      46.518
eleh.IND       79.865     399.214    1051.753     783.178     675.341     543.264     726.531     322.981     489.889     625.455
eleh.CON        1.118      14.232      20.549       8.443      15.276      13.130       5.481       2.814       3.559       4.131
eleh.TRP        1.880       9.832      27.911      24.531      16.100      40.090      30.246       1.245       8.770      14.817
eleh.SER       30.811      61.081     101.675      29.521      35.482      70.988      29.336       9.779      23.642      53.035
eleh.HHG       17.427      92.163     198.508      92.079     106.407     134.697     103.776      19.282      34.277     215.031
othe.PROD                 428.650                  44.100     200.857     192.470     128.370
othe.DRC                                                                    2.290                   1.600     158.070
othe.ELE                   23.210                  44.100      50.302      94.360      10.670
othe.AGR                                                       21.660                   3.100
othe.IND                  405.440                              85.429     100.400     110.600       1.599     158.070
othe.CON                                                                                4.000
othe.HHG                                                       43.470


----     41 PARAMETER nh_prov  

BJ    8.844,    HE   13.584,    SX   31.647,    NM   67.746,    LN   58.427,    JL   90.072,    HL   17.218,    SH   19.142,    JS  131.122,    ZJ  477.867,    AH   18.017,    FJ  404.119,    JX   95.739,    SD   23.466,    HA  105.067,    HB 1118.525
HN  422.535,    GD  539.851,    GX  398.763,    HI   16.088,    CQ   75.166,    SC  952.954,    GZ  371.370,    YN  529.650,    SN  106.542,    GS  238.905,    QH  232.157,    NX   24.482,    XJ   79.553

GAMS Rev 238  WEX-WEI 23.8.2 x86_64/MS Windows                                                                                                                                                                                         09/14/13 14:20:15 Page 7
G e n e r a l   A l g e b r a i c   M o d e l i n g   S y s t e m
Equation Listing    SOLVE gua Using NLP From line 92


---- obj  =E=  

obj..  - (2.65793291933172E-5)*x(PROD,BJ) - (2.65793291933172E-5)*x(PROD,TJ) - (2.65793291933172E-5)*x(PROD,HE) - (2.65793291933172E-5)*x(PROD,SX) - (2.65793291933172E-5)*x(PROD,NM) - (2.65793291933172E-5)*x(PROD,LN) - (2.65793291933172E-5)*x(PROD,JL)
     
      - (2.65793291933172E-5)*x(PROD,HL) - (2.65793291933172E-5)*x(PROD,SH) - (2.65793291933172E-5)*x(PROD,JS) - (2.65793291933172E-5)*x(PROD,ZJ) - (2.65793291933172E-5)*x(PROD,AH) - (2.65793291933172E-5)*x(PROD,FJ) - (2.65793291933172E-5)*x(PROD,JX)
     
      - (2.65793291933172E-5)*x(PROD,SD) - (2.65793291933172E-5)*x(PROD,HA) - (2.65793291933172E-5)*x(PROD,HB) - (2.65793291933172E-5)*x(PROD,HN) - (2.65793291933172E-5)*x(PROD,GD) - (2.65793291933172E-5)*x(PROD,GX) - (2.65793291933172E-5)*x(PROD,HI)
     
      - (2.65793291933172E-5)*x(PROD,CQ) - (2.65793291933172E-5)*x(PROD,SC) - (2.65793291933172E-5)*x(PROD,GZ) - (2.65793291933172E-5)*x(PROD,YN) - (2.65793291933172E-5)*x(PROD,SN) - (2.65793291933172E-5)*x(PROD,GS) - (2.65793291933172E-5)*x(PROD,QH)
     
      - (2.65793291933172E-5)*x(PROD,NX) - (2.65793291933172E-5)*x(PROD,XJ) + (0)*x(DX,BJ) + (0)*x(DX,TJ) + (0)*x(DX,HE) + (0)*x(DX,SX) + (0)*x(DX,NM) + (0)*x(DX,LN) + (0)*x(DX,HL) + (0)*x(DX,SH) + (0)*x(DX,JS) + (0)*x(DX,ZJ) + (0)*x(DX,AH) + (0)*x(DX,JX)
     
      + (0)*x(DX,SD) + (0)*x(DX,HA) + (0)*x(DX,HN) + (0)*x(DX,GD) + (0)*x(DX,GX) + (0)*x(DX,HI) + (0)*x(DX,SC) + (0)*x(DX,YN) + (0)*x(DX,SN) + (0)*x(DX,GS) + (0)*x(DX,QH) + (0)*x(DX,NX) + (0)*x(DX,XJ) + (0.00280593339434321)*x(X,BJ)
     
      + (0.00280593339434321)*x(X,TJ) + (0.00280593339434321)*x(X,HE) + (0.00280593339434321)*x(X,SX) + (0.00280593339434321)*x(X,NM) + (0.00280593339434321)*x(X,LN) + (0.00280593339434321)*x(X,JL) + (0.00280593339434321)*x(X,HL)
     
      + (0.00280593339434321)*x(X,SH) + (0.00280593339434321)*x(X,JS) + (0.00280593339434321)*x(X,ZJ) + (0.00280593339434321)*x(X,AH) + (0.00280593339434321)*x(X,FJ) + (0.00280593339434321)*x(X,JX) + (0.00280593339434321)*x(X,SD)
     
      + (0.00280593339434321)*x(X,HA) + (0.00280593339434321)*x(X,HB) + (0.00280593339434321)*x(X,HN) + (0.00280593339434321)*x(X,GD) + (0.00280593339434321)*x(X,GX) + (0.00280593339434321)*x(X,HI) + (0.00280593339434321)*x(X,CQ)
     
      + (0.00280593339434321)*x(X,SC) + (0.00280593339434321)*x(X,GZ) + (0.00280593339434321)*x(X,YN) + (0.00280593339434321)*x(X,SN) + (0.00280593339434321)*x(X,GS) + (0.00280593339434321)*x(X,QH) + (0.00280593339434321)*x(X,NX)
     
      + (0.00280593339434321)*x(X,XJ) + (0)*x(DRC,BJ) + (0)*x(DRC,TJ) + (0)*x(DRC,HE) + (0)*x(DRC,SX) + (0)*x(DRC,NM) + (0)*x(DRC,LN) + (0)*x(DRC,JL) + (0)*x(DRC,HL) + (0)*x(DRC,SH) + (0)*x(DRC,JS) + (0)*x(DRC,ZJ) + (0)*x(DRC,AH) + (0)*x(DRC,FJ)
     
      + (0)*x(DRC,JX) + (0)*x(DRC,SD) + (0)*x(DRC,HA) + (0)*x(DRC,HB) + (0)*x(DRC,HN) + (0)*x(DRC,GD) + (0)*x(DRC,GX) + (0)*x(DRC,HI) + (0)*x(DRC,CQ) + (0)*x(DRC,SC) + (0)*x(DRC,GZ) + (0)*x(DRC,YN) + (0)*x(DRC,SN) + (0)*x(DRC,QH) + (0)*x(DRC,NX)
     
      + (0)*x(DRC,XJ) + (0.00112292744688778)*x(RC,BJ) + (0.00112292744688778)*x(RC,TJ) + (0.00112292744688778)*x(RC,HE) + (0.00112292744688778)*x(RC,SX) + (0.00112292744688778)*x(RC,NM) + (0.00112292744688778)*x(RC,LN) + (0.00112292744688778)*x(RC,JL)
     
      + (0.00112292744688778)*x(RC,HL) + (0.00112292744688778)*x(RC,SH) + (0.00112292744688778)*x(RC,JS) + (0.00112292744688778)*x(RC,ZJ) + (0.00112292744688778)*x(RC,AH) + (0.00112292744688778)*x(RC,FJ) + (0.00112292744688778)*x(RC,JX)
     
      + (0.00112292744688778)*x(RC,SD) + (0.00112292744688778)*x(RC,HA) + (0.00112292744688778)*x(RC,HB) + (0.00112292744688778)*x(RC,HN) + (0.00112292744688778)*x(RC,GD) + (0.00112292744688778)*x(RC,GX) + (0.00112292744688778)*x(RC,HI)
     
      + (0.00112292744688778)*x(RC,CQ) + (0.00112292744688778)*x(RC,SC) + (0.00112292744688778)*x(RC,GZ) + (0.00112292744688778)*x(RC,YN) + (0.00112292744688778)*x(RC,SN) + (0.00112292744688778)*x(RC,GS) + (0.00112292744688778)*x(RC,QH)
     
      + (0.00112292744688778)*x(RC,NX) + (0.00112292744688778)*x(RC,XJ) + (0.00125263702827821)*x(ELE,BJ) + (0.00125263702827821)*x(ELE,TJ) + (0.00125263702827821)*x(ELE,HE) + (0.00125263702827821)*x(ELE,SX) + (0.00125263702827821)*x(ELE,NM)
     
      + (0.00125263702827821)*x(ELE,LN) + (0.00125263702827821)*x(ELE,JL) + (0.00125263702827821)*x(ELE,HL) + (0.00125263702827821)*x(ELE,SH) + (0.00125263702827821)*x(ELE,JS) + (0.00125263702827821)*x(ELE,ZJ) + (0.00125263702827821)*x(ELE,AH)
     
      + (0.00125263702827821)*x(ELE,FJ) + (0.00125263702827821)*x(ELE,JX) + (0.00125263702827821)*x(ELE,SD) + (0.00125263702827821)*x(ELE,HA) + (0.00125263702827821)*x(ELE,HB) + (0.00125263702827821)*x(ELE,HN) + (0.00125263702827821)*x(ELE,GD)
     
      + (0.00125263702827821)*x(ELE,GX) + (0.00125263702827821)*x(ELE,HI) + (0.00125263702827821)*x(ELE,CQ) + (0.00125263702827821)*x(ELE,SC) + (0.00125263702827821)*x(ELE,GZ) + (0.00125263702827821)*x(ELE,YN) + (0.00125263702827821)*x(ELE,SN)
     
      + (0.00125263702827821)*x(ELE,GS) + (0.00125263702827821)*x(ELE,QH) + (0.00125263702827821)*x(ELE,NX) + (0.00125263702827821)*x(ELE,XJ) - (0.000170486951179933)*x(AGR,BJ) - (0.000170486951179933)*x(AGR,TJ) - (0.000170486951179933)*x(AGR,HE)
     
      - (0.000170486951179933)*x(AGR,SX) - (0.000170486951179933)*x(AGR,NM) - (0.000170486951179933)*x(AGR,LN) - (0.000170486951179933)*x(AGR,JL) - (0.000170486951179933)*x(AGR,HL) - (0.000170486951179933)*x(AGR,SH) - (0.000170486951179933)*x(AGR,JS)
     
      - (0.000170486951179933)*x(AGR,ZJ) - (0.000170486951179933)*x(AGR,AH) - (0.000170486951179933)*x(AGR,FJ) - (0.000170486951179933)*x(AGR,JX) - (0.000170486951179933)*x(AGR,SD) - (0.000170486951179933)*x(AGR,HA) - (0.000170486951179933)*x(AGR,HB)
     
      - (0.000170486951179933)*x(AGR,HN) - (0.000170486951179933)*x(AGR,GD) - (0.000170486951179933)*x(AGR,GX) - (0.000170486951179933)*x(AGR,HI) - (0.000170486951179933)*x(AGR,CQ) - (0.000170486951179933)*x(AGR,SC) - (0.000170486951179933)*x(AGR,GZ)
     
      - (0.000170486951179933)*x(AGR,YN) - (0.000170486951179933)*x(AGR,SN) - (0.000170486951179933)*x(AGR,GS) - (0.000170486951179933)*x(AGR,QH) - (0.000170486951179933)*x(AGR,NX) - (0.000170486951179933)*x(AGR,XJ) - (0.000234282019536553)*x(IND,BJ)
     
      - (0.000234282019536553)*x(IND,TJ) - (0.000234282019536553)*x(IND,HE) - (0.000234282019536553)*x(IND,SX) - (0.000234282019536553)*x(IND,NM) - (0.000234282019536553)*x(IND,LN) - (0.000234282019536553)*x(IND,JL) - (0.000234282019536553)*x(IND,HL)
GAMS Rev 238  WEX-WEI 23.8.2 x86_64/MS Windows                                                                                                                                                                                         09/14/13 14:20:15 Page 8
G e n e r a l   A l g e b r a i c   M o d e l i n g   S y s t e m
Equation Listing    SOLVE gua Using NLP From line 92


     obj  =E=       
     
      - (0.000234282019536553)*x(IND,SH) - (0.000234282019536553)*x(IND,JS) - (0.000234282019536553)*x(IND,ZJ) - (0.000234282019536553)*x(IND,AH) - (0.000234282019536553)*x(IND,FJ) - (0.000234282019536553)*x(IND,JX) - (0.000234282019536553)*x(IND,SD)
     
      - (0.000234282019536553)*x(IND,HA) - (0.000234282019536553)*x(IND,HB) - (0.000234282019536553)*x(IND,HN) - (0.000234282019536553)*x(IND,GD) - (0.000234282019536553)*x(IND,GX) - (0.000234282019536553)*x(IND,HI) - (0.000234282019536553)*x(IND,CQ)
     
      - (0.000234282019536553)*x(IND,SC) - (0.000234282019536553)*x(IND,GZ) - (0.000234282019536553)*x(IND,YN) - (0.000234282019536553)*x(IND,SN) - (0.000234282019536553)*x(IND,GS) - (0.000234282019536553)*x(IND,QH) - (0.000234282019536553)*x(IND,NX)
     
      - (0.000234282019536553)*x(IND,XJ) + (0.00230492290226434)*x(CON,BJ) + (0.00230492290226434)*x(CON,TJ) + (0.00230492290226434)*x(CON,HE) + (0.00230492290226434)*x(CON,SX) + (0.00230492290226434)*x(CON,NM) + (0.00230492290226434)*x(CON,LN)
     
      + (0.00230492290226434)*x(CON,JL) + (0.00230492290226434)*x(CON,HL) + (0.00230492290226434)*x(CON,SH) + (0.00230492290226434)*x(CON,JS) + (0.00230492290226434)*x(CON,ZJ) + (0.00230492290226434)*x(CON,AH) + (0.00230492290226434)*x(CON,FJ)
     
      + (0.00230492290226434)*x(CON,JX) + (0.00230492290226434)*x(CON,SD) + (0.00230492290226434)*x(CON,HA) + (0.00230492290226434)*x(CON,HB) + (0.00230492290226434)*x(CON,HN) + (0.00230492290226434)*x(CON,GD) + (0.00230492290226434)*x(CON,GX)
     
      + (0.00230492290226434)*x(CON,HI) + (0.00230492290226434)*x(CON,CQ) + (0.00230492290226434)*x(CON,SC) + (0.00230492290226434)*x(CON,GZ) + (0.00230492290226434)*x(CON,YN) + (0.00230492290226434)*x(CON,SN) + (0.00230492290226434)*x(CON,GS)
     
      + (0.00230492290226434)*x(CON,QH) + (0.00230492290226434)*x(CON,NX) + (0.00230492290226434)*x(CON,XJ) - (0.000113619363248321)*x(TRP,BJ) - (0.000113619363248321)*x(TRP,TJ) - (0.000113619363248321)*x(TRP,HE) - (0.000113619363248321)*x(TRP,SX)
     
      - (0.000113619363248321)*x(TRP,NM) - (0.000113619363248321)*x(TRP,LN) - (0.000113619363248321)*x(TRP,JL) - (0.000113619363248321)*x(TRP,HL) - (0.000113619363248321)*x(TRP,SH) - (0.000113619363248321)*x(TRP,JS) - (0.000113619363248321)*x(TRP,ZJ)
     
      - (0.000113619363248321)*x(TRP,AH) - (0.000113619363248321)*x(TRP,FJ) - (0.000113619363248321)*x(TRP,JX) - (0.000113619363248321)*x(TRP,SD) - (0.000113619363248321)*x(TRP,HA) - (0.000113619363248321)*x(TRP,HB) - (0.000113619363248321)*x(TRP,HN)
     
      - (0.000113619363248321)*x(TRP,GD) - (0.000113619363248321)*x(TRP,GX) - (0.000113619363248321)*x(TRP,HI) - (0.000113619363248321)*x(TRP,CQ) - (0.000113619363248321)*x(TRP,SC) - (0.000113619363248321)*x(TRP,GZ) - (0.000113619363248321)*x(TRP,YN)
     
      - (0.000113619363248321)*x(TRP,SN) - (0.000113619363248321)*x(TRP,GS) - (0.000113619363248321)*x(TRP,QH) - (0.000113619363248321)*x(TRP,NX) - (0.000113619363248321)*x(TRP,XJ) + (0.000328774411521562)*x(SER,BJ) + (0.000328774411521562)*x(SER,TJ)
     
      + (0.000328774411521562)*x(SER,HE) + (0.000328774411521562)*x(SER,SX) + (0.000328774411521562)*x(SER,NM) + (0.000328774411521562)*x(SER,LN) + (0.000328774411521562)*x(SER,JL) + (0.000328774411521562)*x(SER,HL) + (0.000328774411521562)*x(SER,SH)
     
      + (0.000328774411521562)*x(SER,JS) + (0.000328774411521562)*x(SER,ZJ) + (0.000328774411521562)*x(SER,AH) + (0.000328774411521562)*x(SER,FJ) + (0.000328774411521562)*x(SER,JX) + (0.000328774411521562)*x(SER,SD) + (0.000328774411521562)*x(SER,HA)
     
      + (0.000328774411521562)*x(SER,HB) + (0.000328774411521562)*x(SER,HN) + (0.000328774411521562)*x(SER,GD) + (0.000328774411521562)*x(SER,GX) + (0.000328774411521562)*x(SER,HI) + (0.000328774411521562)*x(SER,CQ) + (0.000328774411521562)*x(SER,SC)
     
      + (0.000328774411521562)*x(SER,GZ) + (0.000328774411521562)*x(SER,YN) + (0.000328774411521562)*x(SER,SN) + (0.000328774411521562)*x(SER,GS) + (0.000328774411521562)*x(SER,QH) + (0.000328774411521562)*x(SER,NX) + (0.000328774411521562)*x(SER,XJ)
     
      - (0.00158571223511932)*x(HHG,BJ) - (0.00158571223511932)*x(HHG,TJ) - (0.00158571223511932)*x(HHG,HE) - (0.00158571223511932)*x(HHG,SX) - (0.00158571223511932)*x(HHG,NM) - (0.00158571223511932)*x(HHG,LN) - (0.00158571223511932)*x(HHG,JL)
     
      - (0.00158571223511932)*x(HHG,HL) - (0.00158571223511932)*x(HHG,SH) - (0.00158571223511932)*x(HHG,JS) - (0.00158571223511932)*x(HHG,ZJ) - (0.00158571223511932)*x(HHG,AH) - (0.00158571223511932)*x(HHG,FJ) - (0.00158571223511932)*x(HHG,JX)
     
      - (0.00158571223511932)*x(HHG,SD) - (0.00158571223511932)*x(HHG,HA) - (0.00158571223511932)*x(HHG,HB) - (0.00158571223511932)*x(HHG,HN) - (0.00158571223511932)*x(HHG,GD) - (0.00158571223511932)*x(HHG,GX) - (0.00158571223511932)*x(HHG,HI)
     
      - (0.00158571223511932)*x(HHG,CQ) - (0.00158571223511932)*x(HHG,SC) - (0.00158571223511932)*x(HHG,GZ) - (0.00158571223511932)*x(HHG,YN) - (0.00158571223511932)*x(HHG,SN) - (0.00158571223511932)*x(HHG,GS) - (0.00158571223511932)*x(HHG,QH)
     
      - (0.00158571223511932)*x(HHG,NX) - (0.00158571223511932)*x(HHG,XJ) + j =E= 0 ; (LHS = -6.0011300102521, INFES = 6.0011300102521 ****)
     

---- benchind  =E=  

benchind..  x(IND,BJ) + x(IND,TJ) + x(IND,HE) + x(IND,SX) + x(IND,NM) + x(IND,LN) + x(IND,JL) + x(IND,HL) + x(IND,SH) + x(IND,JS) + x(IND,ZJ) + x(IND,AH) + x(IND,FJ) + x(IND,JX) + x(IND,SD) + x(IND,HA) + x(IND,HB) + x(IND,HN) + x(IND,GD) + x(IND,GX)
     
      + x(IND,HI) + x(IND,CQ) + x(IND,SC) + x(IND,GZ) + x(IND,YN) + x(IND,SN) + x(IND,GS) + x(IND,QH) + x(IND,NX) + x(IND,XJ) =E= 15934.1901464193 ; (LHS = 18908.3818248749, INFES = 2974.19167845555 ****)
     
GAMS Rev 238  WEX-WEI 23.8.2 x86_64/MS Windows                                                                                                                                                                                         09/14/13 14:20:15 Page 9
G e n e r a l   A l g e b r a i c   M o d e l i n g   S y s t e m
Equation Listing    SOLVE gua Using NLP From line 92


---- balance  =E=  

balance(BJ)..  - x(oil,BJ) + x(PROD,BJ) - x(DX,BJ) - x(X,BJ) + x(DRC,BJ) + x(RC,BJ) - x(COL,BJ) - x(CRU,BJ) - x(GAS,BJ) - x(ELE,BJ) - x(AGR,BJ) - x(IND,BJ) - x(CON,BJ) - x(TRP,BJ) - x(SER,BJ) - x(HHG,BJ) =E= 0 ;
     
      (LHS = -9.09494701772928E-13, INFES = 9.09494701772928E-13 ****)
     
balance(TJ)..  - x(oil,TJ) + x(PROD,TJ) - x(DX,TJ) - x(X,TJ) + x(DRC,TJ) + x(RC,TJ) - x(COL,TJ) - x(CRU,TJ) - x(GAS,TJ) - x(ELE,TJ) - x(AGR,TJ) - x(IND,TJ) - x(CON,TJ) - x(TRP,TJ) - x(SER,TJ) - x(HHG,TJ) =E= 0 ;
     
      (LHS = -1.81898940354586E-12, INFES = 1.81898940354586E-12 ****)
     
balance(HE)..  - x(oil,HE) + x(PROD,HE) - x(DX,HE) - x(X,HE) + x(DRC,HE) + x(RC,HE) - x(COL,HE) - x(CRU,HE) - x(GAS,HE) - x(ELE,HE) - x(AGR,HE) - x(IND,HE) - x(CON,HE) - x(TRP,HE) - x(SER,HE) - x(HHG,HE) =E= 0 ;
     
      (LHS = -4.54747350886464E-13, INFES = 4.54747350886464E-13 ****)
     
REMAINING 27 ENTRIES SKIPPED


---- trade  =E=  

trade..  x(DX,BJ) + x(DX,TJ) + x(DX,HE) + x(DX,SX) + x(DX,NM) + x(DX,LN) + x(DX,JL) + x(DX,HL) + x(DX,SH) + x(DX,JS) + x(DX,ZJ) + x(DX,AH) + x(DX,FJ) + x(DX,JX) + x(DX,SD) + x(DX,HA) + x(DX,HB) + x(DX,HN) + x(DX,GD) + x(DX,GX) + x(DX,HI) + x(DX,CQ)
     
      + x(DX,SC) + x(DX,GZ) + x(DX,YN) + x(DX,SN) + x(DX,GS) + x(DX,QH) + x(DX,NX) + x(DX,XJ) - x(DRC,BJ) - x(DRC,TJ) - x(DRC,HE) - x(DRC,SX) - x(DRC,NM) - x(DRC,LN) - x(DRC,JL) - x(DRC,HL) - x(DRC,SH) - x(DRC,JS) - x(DRC,ZJ) - x(DRC,AH) - x(DRC,FJ)
     
      - x(DRC,JX) - x(DRC,SD) - x(DRC,HA) - x(DRC,HB) - x(DRC,HN) - x(DRC,GD) - x(DRC,GX) - x(DRC,HI) - x(DRC,CQ) - x(DRC,SC) - x(DRC,GZ) - x(DRC,YN) - x(DRC,SN) - x(DRC,GS) - x(DRC,QH) - x(DRC,NX) - x(DRC,XJ) =E= 0 ;
     
      (LHS = -3149.66613117697, INFES = 3149.66613117697 ****)
     
GAMS Rev 238  WEX-WEI 23.8.2 x86_64/MS Windows                                                                                                                                                                                        09/14/13 14:20:15 Page 10
G e n e r a l   A l g e b r a i c   M o d e l i n g   S y s t e m
Column Listing      SOLVE gua Using NLP From line 92


---- x  Adjusted provincial EBT value

x(oil,BJ)
                (.LO, .L, .UP, .M = 0, 0, 0, 0)
       -1       balance(BJ)

x(oil,TJ)
                (.LO, .L, .UP, .M = 0, 0, 0, 0)
       -1       balance(TJ)

x(oil,HE)
                (.LO, .L, .UP, .M = 0, 0, 0, 0)
       -1       balance(HE)

REMAINING 477 ENTRIES SKIPPED

---- j  Objective function

j
                (.LO, .L, .UP, .M = -INF, 0, +INF, 0)
        1       obj

GAMS Rev 238  WEX-WEI 23.8.2 x86_64/MS Windows                                                                                                                                                                                        09/14/13 14:20:15 Page 11
G e n e r a l   A l g e b r a i c   M o d e l i n g   S y s t e m
Model Statistics    SOLVE gua Using NLP From line 92


MODEL STATISTICS

BLOCKS OF EQUATIONS           4     SINGLE EQUATIONS           33
BLOCKS OF VARIABLES           2     SINGLE VARIABLES          481
NON ZERO ELEMENTS           925     NON LINEAR N-Z            354
DERIVATIVE POOL              10     CONSTANT POOL             348
CODE LENGTH               2,242


GENERATION TIME      =        0.016 SECONDS      4 Mb  WEX238-238 Apr  3, 2012


EXECUTION TIME       =        0.016 SECONDS      4 Mb  WEX238-238 Apr  3, 2012
GAMS Rev 238  WEX-WEI 23.8.2 x86_64/MS Windows                                                                                                                                                                                        09/14/13 14:20:15 Page 12
G e n e r a l   A l g e b r a i c   M o d e l i n g   S y s t e m
Solution Report     SOLVE gua Using NLP From line 92


               S O L V E      S U M M A R Y

     MODEL   gua                 OBJECTIVE  j
     TYPE    NLP                 DIRECTION  MINIMIZE
     SOLVER  CONOPT              FROM LINE  92

**** SOLVER STATUS     1 Normal Completion         
**** MODEL STATUS      2 Locally Optimal           
**** OBJECTIVE VALUE                4.2883

 RESOURCE USAGE, LIMIT          0.031      1000.000
 ITERATION COUNT, LIMIT        14          1000
 EVALUATION ERRORS              0             0
CONOPT 3         Mar 17, 2012 23.8.2 WEX 31442.32372 WEI x86_64/MS Windows    
 
 
    C O N O P T 3   version 3.15D
    Copyright (C)   ARKI Consulting and Development A/S
                    Bagsvaerdvej 246 A
                    DK-2880 Bagsvaerd, Denmark
 
 
    The model has 481 variables and 33 constraints
    with 925 Jacobian elements, 354 of which are nonlinear.
    The Hessian of the Lagrangian has 354 elements on the diagonal,
    4350 elements below the diagonal, and 354 nonlinear variables.
 
 ** Optimal solution. Reduced gradient less than tolerance.
 
 
 CONOPT time Total                            0.022 seconds
   of which: Function evaluations             0.000 =  0.0%
             1st Derivative evaluations       0.000 =  0.0%
             2nd Derivative evaluations       0.002 =  9.1%
             Directional 2nd Derivative       0.001 =  4.5%
 

                           LOWER          LEVEL          UPPER         MARGINAL

---- EQU obj                 .              .              .             1.0000      
---- EQU benchind       15934.1901     15934.1901     15934.1901        -0.0002      

---- EQU balance  

          LOWER          LEVEL          UPPER         MARGINAL

BJ          .              .              .       1.6816597E-5      
TJ          .              .              .       6.5156237E-5      
HE          .              .              .       7.6189610E-6      
SX          .              .              .       4.2894614E-5      
NM          .              .              .       6.2996206E-5      
LN          .              .              .       3.6518512E-5      
JL          .              .              .       1.0162695E-6      
GAMS Rev 238  WEX-WEI 23.8.2 x86_64/MS Windows                                                                                                                                                                                        09/14/13 14:20:15 Page 13
G e n e r a l   A l g e b r a i c   M o d e l i n g   S y s t e m
Solution Report     SOLVE gua Using NLP From line 92


     EQU balance  

          LOWER          LEVEL          UPPER         MARGINAL

HL          .              .              .       1.9074432E-5      
SH          .              .              .       3.3123255E-5      
JS          .              .              .       -5.674922E-6      
ZJ          .              .              .       3.7299482E-5      
AH          .              .              .       7.6162358E-6      
FJ          .              .              .       1.1485176E-5      
JX          .              .              .       3.8417334E-5      
SD          .              .              .       2.2788193E-5      
HA          .              .              .       -7.581989E-6      
HB          .              .              .       2.3998644E-6      
HN          .              .              .       3.0265901E-5      
GD          .              .              .       -2.584809E-5      
GX          .              .              .       6.4516805E-5      
HI          .              .              .       4.1529686E-5      
CQ          .              .              .       6.4796775E-5      
SC          .              .              .       6.1328849E-5      
GZ          .              .              .       5.6767003E-5      
YN          .              .              .       6.7538493E-5      
SN          .              .              .       -2.074663E-5      
GS          .              .              .       4.5347649E-5      
QH          .              .              .       4.6160552E-6      
NX          .              .              .       8.5524240E-6      
XJ          .              .              .       2.3435938E-5      

                           LOWER          LEVEL          UPPER         MARGINAL

---- EQU trade               .              .              .       6.9140334E-5      

---- VAR x  Adjusted provincial EBT value

               LOWER          LEVEL          UPPER         MARGINAL

oil .BJ          .              .              .       1.6816597E-5      
oil .TJ          .              .              .       6.5156237E-5      
oil .HE          .              .              .       7.6189610E-6      
oil .SX          .              .              .       4.2894614E-5      
oil .NM          .              .              .       6.2996206E-5      
oil .LN          .              .              .       3.6518512E-5      
oil .JL          .              .              .       1.0162695E-6      
oil .HL          .              .              .       1.9074432E-5      
oil .SH          .              .              .       3.3123255E-5      
oil .JS          .              .              .       -5.674922E-6      
oil .ZJ          .              .              .       3.7299482E-5      
oil .AH          .              .              .       7.6162358E-6      
oil .FJ          .              .              .       1.1485176E-5      
oil .JX          .              .              .       3.8417334E-5      
oil .SD          .              .              .       2.2788193E-5      
oil .HA          .              .              .       -7.581989E-6      
oil .HB          .              .              .       2.3998644E-6      
GAMS Rev 238  WEX-WEI 23.8.2 x86_64/MS Windows                                                                                                                                                                                        09/14/13 14:20:15 Page 14
G e n e r a l   A l g e b r a i c   M o d e l i n g   S y s t e m
Solution Report     SOLVE gua Using NLP From line 92


     VAR x  Adjusted provincial EBT value

               LOWER          LEVEL          UPPER         MARGINAL

oil .HN          .              .              .       3.0265901E-5      
oil .GD          .              .              .       -2.584809E-5      
oil .GX          .              .              .       6.4516805E-5      
oil .HI          .              .              .       4.1529686E-5      
oil .CQ          .              .              .       6.4796775E-5      
oil .SC          .              .              .       6.1328849E-5      
oil .GZ          .              .              .       5.6767003E-5      
oil .YN          .              .              .       6.7538493E-5      
oil .SN          .              .              .       -2.074663E-5      
oil .GS          .              .              .       4.5347649E-5      
oil .QH          .              .              .       4.6160552E-6      
oil .NX          .              .              .       8.5524240E-6      
oil .XJ          .              .              .       2.3435938E-5      
PROD.BJ          .          1373.4919        +INF      2.595299E-12      
PROD.TJ          .          1275.5425        +INF      7.696331E-12      
PROD.HE          .          1616.6637        +INF             .          
PROD.SX          .            42.1321        +INF            EPS         
PROD.NM          .           259.4641        +INF      -1.28456E-11      
PROD.LN          .          8139.2032        +INF             .          
PROD.JL          .           938.8036        +INF             .          
PROD.HL          .          2207.8107        +INF             .          
PROD.SH          .          2609.1313        +INF      1.972414E-12      
PROD.JS          .          3146.4806        +INF             .          
PROD.ZJ          .          3361.8757        +INF             .          
PROD.AH          .           746.1131        +INF             .          
PROD.FJ          .           523.9076        +INF      -9.96768E-12      
PROD.JX          .           582.0911        +INF            EPS         
PROD.SD          .          5362.0677        +INF             .          
PROD.HA          .          1044.1621        +INF             .          
PROD.HB          .          1337.3481        +INF      -1.07643E-12      
PROD.HN          .           892.2742        +INF      -3.12280E-12      
PROD.GD          .          3905.5320        +INF      -1.05101E-12      
PROD.GX          .           251.7126        +INF      1.098656E-10      
PROD.HI          .          1176.1878        +INF            EPS         
PROD.CQ          .            31.8304        +INF      3.145773E-10      
PROD.SC          .           310.7185        +INF      -1.04724E-11      
PROD.GZ          .            29.2343        +INF            EPS         
PROD.YN          .            33.6233        +INF            EPS         
PROD.SN          .          2089.7066        +INF             .          
PROD.GS          .          1991.9349        +INF             .          
PROD.QH          .           160.7394        +INF             .          
PROD.NX          .           229.4795        +INF             .          
PROD.XJ          .          2388.3257        +INF            EPS         
DX  .BJ          .           960.9662        +INF      1.636866E-11      
DX  .TJ          .          4110.0683        +INF      -3.27730E-12      
DX  .HE          .           372.7392        +INF      -7.08446E-12      
DX  .SX          .            30.3671        +INF            EPS         
DX  .NM          .            50.7450        +INF            EPS         
DX  .LN          .          4926.8441        +INF      -2.48972E-12      
GAMS Rev 238  WEX-WEI 23.8.2 x86_64/MS Windows                                                                                                                                                                                        09/14/13 14:20:15 Page 15
G e n e r a l   A l g e b r a i c   M o d e l i n g   S y s t e m
Solution Report     SOLVE gua Using NLP From line 92


     VAR x  Adjusted provincial EBT value

               LOWER          LEVEL          UPPER         MARGINAL

DX  .JL          .              .              .       -6.812406E-5      
DX  .HL          .           483.1449        +INF      3.172228E-11      
DX  .SH          .          4745.9556        +INF            EPS         
DX  .JS          .          1247.5585        +INF      -5.73903E-12      
DX  .ZJ          .          2972.1360        +INF             .          
DX  .AH          .           219.8222        +INF      9.890591E-12      
DX  .FJ          .              .              .       -5.765516E-5      
DX  .JX          .           414.0618        +INF            EPS         
DX  .SD          .          1425.9472        +INF      8.773478E-12      
DX  .HA          .           178.8630        +INF      1.073753E-11      
DX  .HB          .              .              .       -6.674047E-5      
DX  .HN          .           267.1229        +INF            EPS         
DX  .GD          .          2689.2490        +INF      -3.56299E-12      
DX  .GX          .            76.7608        +INF            EPS         
DX  .HI          .          1020.8681        +INF             .          
DX  .CQ          .              .              .       -4.343558E-6      
DX  .SC          .            26.9305        +INF            EPS         
DX  .GZ          .              .              .       -1.237333E-5      
DX  .YN          .            18.5548        +INF            EPS         
DX  .SN          .           237.6348        +INF            EPS         
DX  .GS          .          1110.4539        +INF      2.434560E-11      
DX  .QH          .            38.5609        +INF            EPS         
DX  .NX          .            59.7949        +INF            EPS         
DX  .XJ          .          1178.6816        +INF             .          
X   .BJ          .           128.1046        +INF      -1.15363E-10      
X   .TJ          .            80.9491        +INF      -1.99478E-10      
X   .HE          .             7.7135        +INF      -1.169176E-9      
X   .SX          .              .              .            -0.0019      
X   .NM          .              .              .            -0.0018      
X   .LN          .           772.0419        +INF      4.572403E-12      
X   .JL          .             0.2791        +INF            EPS         
X   .HL          .              .              .            -0.0019      
X   .SH          .           250.5550        +INF      -1.15762E-10      
X   .JS          .            23.3678        +INF      1.128722E-10      
X   .ZJ          .           100.8475        +INF            EPS         
X   .AH          .              .              .            -0.0019      
X   .FJ          .              .              .            -0.0019      
X   .JX          .              .              .            -0.0019      
X   .SD          .              .              .            -0.0019      
X   .HA          .              .              .            -0.0019      
X   .HB          .              .              .            -0.0019      
X   .HN          .              .              .            -0.0019      
X   .GD          .           417.3548        +INF            EPS         
X   .GX          .             7.7777        +INF      -3.003607E-9      
X   .HI          .           125.4348        +INF      1.452297E-10      
X   .CQ          .              .              .            -0.0018      
X   .SC          .             2.7289        +INF            EPS         
X   .GZ          .              .              .            -0.0019      
X   .YN          .             0.5152        +INF            EPS         
GAMS Rev 238  WEX-WEI 23.8.2 x86_64/MS Windows                                                                                                                                                                                        09/14/13 14:20:15 Page 16
G e n e r a l   A l g e b r a i c   M o d e l i n g   S y s t e m
Solution Report     SOLVE gua Using NLP From line 92


     VAR x  Adjusted provincial EBT value

               LOWER          LEVEL          UPPER         MARGINAL

X   .SN          .            76.4576        +INF            EPS         
X   .GS          .           248.4730        +INF      9.207541E-11      
X   .QH          .              .              .            -0.0019      
X   .NX          .              .              .            -0.0019      
X   .XJ          .             2.8160        +INF            EPS         
DRC .BJ          .          1216.4716        +INF             .          
DRC .TJ          .          3735.6816        +INF             .          
DRC .HE          .           390.7452        +INF            EPS         
DRC .SX          .           682.3859        +INF             .          
DRC .NM          .          1064.2627        +INF             .          
DRC .LN          .           376.6457        +INF            EPS         
DRC .JL          .           274.6451        +INF      -2.38464E-11      
DRC .HL          .           201.3914        +INF            EPS         
DRC .SH          .          4449.1712        +INF             .          
DRC .JS          .           965.0208        +INF      -4.04937E-12      
DRC .ZJ          .          2490.3123        +INF            EPS         
DRC .AH          .           310.7494        +INF      -4.36798E-11      
DRC .FJ          .          1057.1255        +INF             .          
DRC .JX          .           636.2364        +INF             .          
DRC .SD          .           791.9157        +INF      -6.15875E-12      
DRC .HA          .           574.1713        +INF      -1.18998E-11      
DRC .HB          .          1008.5305        +INF             .          
DRC .HN          .           767.0063        +INF      3.288782E-12      
DRC .GD          .          3624.3744        +INF             .          
DRC .GX          .           910.4611        +INF             .          
DRC .HI          .           138.4618        +INF      -1.51406E-11      
DRC .CQ          .           523.8695        +INF             .          
DRC .SC          .          1111.9731        +INF             .          
DRC .GZ          .           521.2894        +INF             .          
DRC .YN          .           910.7168        +INF             .          
DRC .SN          .             1.9955        +INF            EPS         
DRC .GS          .              .              .       2.3792685E-5      
DRC .QH          .            26.2188        +INF            EPS         
DRC .NX          .            53.4239        +INF            EPS         
DRC .XJ          .            48.5781        +INF            EPS         
RC  .BJ          .           379.7072        +INF      -9.92594E-12      
RC  .TJ          .           228.4344        +INF            EPS         
RC  .HE          .             8.7099        +INF            EPS         
RC  .SX          .              .              .            -0.0006      
RC  .NM          .            13.9143        +INF            EPS         
RC  .LN          .            88.0538        +INF      -2.10830E-11      
RC  .JL          .             0.3826        +INF            EPS         
RC  .HL          .              .              .            -0.0006      
RC  .SH          .          1845.6422        +INF      -2.62234E-12      
RC  .JS          .           105.9072        +INF            EPS         
RC  .ZJ          .           220.6627        +INF            EPS         
RC  .AH          .             6.7687        +INF            EPS         
RC  .FJ          .              .              .            -0.0006      
RC  .JX          .              .              .            -0.0006      
GAMS Rev 238  WEX-WEI 23.8.2 x86_64/MS Windows                                                                                                                                                                                        09/14/13 14:20:15 Page 17
G e n e r a l   A l g e b r a i c   M o d e l i n g   S y s t e m
Solution Report     SOLVE gua Using NLP From line 92


     VAR x  Adjusted provincial EBT value

               LOWER          LEVEL          UPPER         MARGINAL

RC  .SD          .              .              .            -0.0006      
RC  .HA          .              .              .            -0.0006      
RC  .HB          .              .              .            -0.0006      
RC  .HN          .              .              .            -0.0006      
RC  .GD          .          2470.7518        +INF      1.708772E-12      
RC  .GX          .              .              .            -0.0006      
RC  .HI          .           217.9703        +INF      -4.33904E-11      
RC  .CQ          .              .              .            -0.0006      
RC  .SC          .            10.5696        +INF            EPS         
RC  .GZ          .              .              .            -0.0006      
RC  .YN          .             0.5151        +INF            EPS         
RC  .SN          .             1.1628        +INF            EPS         
RC  .GS          .              .              .            -0.0006      
RC  .QH          .              .              .            -0.0006      
RC  .NX          .              .              .            -0.0006      
RC  .XJ          .            10.4760        +INF            EPS         
COL .BJ          .              .              .       1.6816597E-5      
COL .TJ          .              .              .       6.5156237E-5      
COL .HE          .              .              .       7.6189610E-6      
COL .SX          .              .              .       4.2894614E-5      
COL .NM          .              .              .       6.2996206E-5      
COL .LN          .              .              .       3.6518512E-5      
COL .JL          .              .              .       1.0162695E-6      
COL .HL          .              .              .       1.9074432E-5      
COL .SH          .              .              .       3.3123255E-5      
COL .JS          .              .              .       -5.674922E-6      
COL .ZJ          .              .              .       3.7299482E-5      
COL .AH          .              .              .       7.6162358E-6      
COL .FJ          .              .              .       1.1485176E-5      
COL .JX          .              .              .       3.8417334E-5      
COL .SD          .              .              .       2.2788193E-5      
COL .HA          .              .              .       -7.581989E-6      
COL .HB          .              .              .       2.3998644E-6      
COL .HN          .              .              .       3.0265901E-5      
COL .GD          .              .              .       -2.584809E-5      
COL .GX          .              .              .       6.4516805E-5      
COL .HI          .              .              .       4.1529686E-5      
COL .CQ          .              .              .       6.4796775E-5      
COL .SC          .              .              .       6.1328849E-5      
COL .GZ          .              .              .       5.6767003E-5      
COL .YN          .              .              .       6.7538493E-5      
COL .SN          .              .              .       -2.074663E-5      
COL .GS          .              .              .       4.5347649E-5      
COL .QH          .              .              .       4.6160552E-6      
COL .NX          .              .              .       8.5524240E-6      
COL .XJ          .              .              .       2.3435938E-5      
CRU .BJ          .              .              .       1.6816597E-5      
CRU .TJ          .              .              .       6.5156237E-5      
CRU .HE          .              .              .       7.6189610E-6      
GAMS Rev 238  WEX-WEI 23.8.2 x86_64/MS Windows                                                                                                                                                                                        09/14/13 14:20:15 Page 18
G e n e r a l   A l g e b r a i c   M o d e l i n g   S y s t e m
Solution Report     SOLVE gua Using NLP From line 92


     VAR x  Adjusted provincial EBT value

               LOWER          LEVEL          UPPER         MARGINAL

CRU .SX          .              .              .       4.2894614E-5      
CRU .NM          .              .              .       6.2996206E-5      
CRU .LN          .              .              .       3.6518512E-5      
CRU .JL          .              .              .       1.0162695E-6      
CRU .HL          .              .              .       1.9074432E-5      
CRU .SH          .              .              .       3.3123255E-5      
CRU .JS          .              .              .       -5.674922E-6      
CRU .ZJ          .              .              .       3.7299482E-5      
CRU .AH          .              .              .       7.6162358E-6      
CRU .FJ          .              .              .       1.1485176E-5      
CRU .JX          .              .              .       3.8417334E-5      
CRU .SD          .              .              .       2.2788193E-5      
CRU .HA          .              .              .       -7.581989E-6      
CRU .HB          .              .              .       2.3998644E-6      
CRU .HN          .              .              .       3.0265901E-5      
CRU .GD          .              .              .       -2.584809E-5      
CRU .GX          .              .              .       6.4516805E-5      
CRU .HI          .              .              .       4.1529686E-5      
CRU .CQ          .              .              .       6.4796775E-5      
CRU .SC          .              .              .       6.1328849E-5      
CRU .GZ          .              .              .       5.6767003E-5      
CRU .YN          .              .              .       6.7538493E-5      
CRU .SN          .              .              .       -2.074663E-5      
CRU .GS          .              .              .       4.5347649E-5      
CRU .QH          .              .              .       4.6160552E-6      
CRU .NX          .              .              .       8.5524240E-6      
CRU .XJ          .              .              .       2.3435938E-5      
GAS .BJ          .              .              .       1.6816597E-5      
GAS .TJ          .              .              .       6.5156237E-5      
GAS .HE          .              .              .       7.6189610E-6      
GAS .SX          .              .              .       4.2894614E-5      
GAS .NM          .              .              .       6.2996206E-5      
GAS .LN          .              .              .       3.6518512E-5      
GAS .JL          .              .              .       1.0162695E-6      
GAS .HL          .              .              .       1.9074432E-5      
GAS .SH          .              .              .       3.3123255E-5      
GAS .JS          .              .              .       -5.674922E-6      
GAS .ZJ          .              .              .       3.7299482E-5      
GAS .AH          .              .              .       7.6162358E-6      
GAS .FJ          .              .              .       1.1485176E-5      
GAS .JX          .              .              .       3.8417334E-5      
GAS .SD          .              .              .       2.2788193E-5      
GAS .HA          .              .              .       -7.581989E-6      
GAS .HB          .              .              .       2.3998644E-6      
GAS .HN          .              .              .       3.0265901E-5      
GAS .GD          .              .              .       -2.584809E-5      
GAS .GX          .              .              .       6.4516805E-5      
GAS .HI          .              .              .       4.1529686E-5      
GAS .CQ          .              .              .       6.4796775E-5      
GAMS Rev 238  WEX-WEI 23.8.2 x86_64/MS Windows                                                                                                                                                                                        09/14/13 14:20:15 Page 19
G e n e r a l   A l g e b r a i c   M o d e l i n g   S y s t e m
Solution Report     SOLVE gua Using NLP From line 92


     VAR x  Adjusted provincial EBT value

               LOWER          LEVEL          UPPER         MARGINAL

GAS .SC          .              .              .       6.1328849E-5      
GAS .GZ          .              .              .       5.6767003E-5      
GAS .YN          .              .              .       6.7538493E-5      
GAS .SN          .              .              .       -2.074663E-5      
GAS .GS          .              .              .       4.5347649E-5      
GAS .QH          .              .              .       4.6160552E-6      
GAS .NX          .              .              .       8.5524240E-6      
GAS .XJ          .              .              .       2.3435938E-5      
ELE .BJ          .            63.0102        +INF      -2.95341E-10      
ELE .TJ          .             1.8291        +INF            EPS         
ELE .HE          .            10.2400        +INF            EPS         
ELE .SX          .              .              .            -0.0003      
ELE .NM          .             0.9208        +INF      -7.809662E-9      
ELE .LN          .           144.3639        +INF      -4.01864E-11      
ELE .JL          .             2.5337        +INF            EPS         
ELE .HL          .           118.2533        +INF            EPS         
ELE .SH          .           119.9287        +INF            EPS         
ELE .JS          .            20.5854        +INF      -6.31175E-11      
ELE .ZJ          .            46.9081        +INF            EPS         
ELE .AH          .             8.0060        +INF      -5.04140E-10      
ELE .FJ          .            14.8564        +INF            EPS         
ELE .JX          .            15.0303        +INF            EPS         
ELE .SD          .            50.1567        +INF            EPS         
ELE .HA          .            23.0153        +INF            EPS         
ELE .HB          .            38.8559        +INF      7.429015E-11      
ELE .HN          .            17.1856        +INF            EPS         
ELE .GD          .           952.1894        +INF      6.252294E-12      
ELE .GX          .             5.0178        +INF            EPS         
ELE .HI          .             6.0151        +INF            EPS         
ELE .CQ          .             3.7435        +INF            EPS         
ELE .SC          .             3.0430        +INF            EPS         
ELE .GZ          .              .              .            -0.0003      
ELE .YN          .             3.3357        +INF            EPS         
ELE .SN          .             2.1692        +INF            EPS         
ELE .GS          .            35.3443        +INF            EPS         
ELE .QH          .             0.6652        +INF            EPS         
ELE .NX          .              .              .            -0.0004      
ELE .XJ          .            86.9729        +INF      1.867545E-11      
AGR .BJ          .            19.4145        +INF            EPS         
AGR .TJ          .            30.5434        +INF      6.767364E-11      
AGR .HE          .            47.9958        +INF      3.222641E-11      
AGR .SX          .            69.9401        +INF      4.999644E-11      
AGR .NM          .           112.7309        +INF            EPS         
AGR .LN          .           137.6126        +INF      4.622171E-11      
AGR .JL          .           133.2721        +INF      5.502935E-11      
AGR .HL          .           235.3354        +INF      7.813618E-12      
AGR .SH          .            58.1602        +INF            EPS         
AGR .JS          .           204.7269        +INF      -1.02670E-11      
AGR .ZJ          .           289.4414        +INF      3.394653E-11      
GAMS Rev 238  WEX-WEI 23.8.2 x86_64/MS Windows                                                                                                                                                                                        09/14/13 14:20:15 Page 20
G e n e r a l   A l g e b r a i c   M o d e l i n g   S y s t e m
Solution Report     SOLVE gua Using NLP From line 92


     VAR x  Adjusted provincial EBT value

               LOWER          LEVEL          UPPER         MARGINAL

AGR .AH          .            92.9025        +INF      2.957234E-11      
AGR .FJ          .           204.9585        +INF            EPS         
AGR .JX          .            89.8598        +INF            EPS         
AGR .SD          .           399.4288        +INF      1.460378E-11      
AGR .HA          .           148.3294        +INF      4.932854E-11      
AGR .HB          .           218.1928        +INF            EPS         
AGR .HN          .            20.4504        +INF            EPS         
AGR .GD          .           143.4722        +INF      6.318841E-11      
AGR .GX          .            38.9777        +INF            EPS         
AGR .HI          .            36.8163        +INF      3.377693E-11      
AGR .CQ          .            17.1390        +INF            EPS         
AGR .SC          .           154.5706        +INF      3.844594E-11      
AGR .GZ          .            12.3782        +INF            EPS         
AGR .YN          .            33.5778        +INF      8.539403E-11      
AGR .SN          .            48.6836        +INF            EPS         
AGR .GS          .            40.0896        +INF            EPS         
AGR .QH          .             4.2540        +INF            EPS         
AGR .NX          .             8.0278        +INF      1.808460E-10      
AGR .XJ          .           104.6510        +INF      2.062273E-11      
IND .BJ          .           621.3046        +INF      -6.73235E-12      
IND .TJ          .           386.4151        +INF      2.666514E-11      
IND .HE          .           588.6731        +INF      -2.77752E-11      
IND .SX          .           210.3535        +INF      3.555075E-11      
IND .NM          .           185.0838        +INF      1.329241E-11      
IND .LN          .          1070.0950        +INF      -6.35374E-12      
IND .JL          .           376.2666        +INF            EPS         
IND .HL          .           461.5221        +INF      -4.18696E-11      
IND .SH          .          1208.3623        +INF      5.644450E-12      
IND .JS          .          1276.3073        +INF      -9.18390E-12      
IND .ZJ          .           971.1395        +INF            EPS         
IND .AH          .           267.6642        +INF      9.393616E-11      
IND .FJ          .           521.8830        +INF      -3.14919E-11      
IND .JX          .           214.3982        +INF      -1.50192E-11      
IND .SD          .          1093.6173        +INF      1.079055E-11      
IND .HA          .           512.5673        +INF      4.221230E-12      
IND .HB          .           679.6402        +INF      -3.97992E-12      
IND .HN          .           371.7359        +INF             .          
IND .GD          .          2278.1686        +INF             .          
IND .GX          .           122.8252        +INF      1.678930E-10      
IND .HI          .           114.0305        +INF      5.229511E-11      
IND .CQ          .            73.1576        +INF            EPS         
IND .SC          .           227.7171        +INF      3.004957E-11      
IND .GZ          .           128.2671        +INF      3.401876E-11      
IND .YN          .            97.8422        +INF      -2.90846E-11      
IND .SN          .           944.7696        +INF      7.243415E-12      
IND .GS          .           311.8869        +INF            EPS         
IND .QH          .            56.7011        +INF            EPS         
IND .NX          .            73.0144        +INF      -3.03644E-11      
IND .XJ          .           488.7810        +INF            EPS         
GAMS Rev 238  WEX-WEI 23.8.2 x86_64/MS Windows                                                                                                                                                                                        09/14/13 14:20:15 Page 21
G e n e r a l   A l g e b r a i c   M o d e l i n g   S y s t e m
Solution Report     SOLVE gua Using NLP From line 92


     VAR x  Adjusted provincial EBT value

               LOWER          LEVEL          UPPER         MARGINAL

CON .BJ          .            42.4737        +INF      3.778998E-10      
CON .TJ          .            35.8939        +INF      -1.00657E-10      
CON .HE          .           158.3816        +INF      -9.64910E-11      
CON .SX          .            18.9682        +INF      7.452524E-11      
CON .NM          .            40.4294        +INF      -1.38158E-10      
CON .LN          .            35.8130        +INF      -4.20008E-11      
CON .JL          .            34.1287        +INF      -2.10343E-10      
CON .HL          .              .              .            -0.0016      
CON .SH          .           119.1291        +INF      5.378416E-11      
CON .JS          .           148.6066        +INF      -8.40264E-11      
CON .ZJ          .           167.7924        +INF      1.916439E-11      
CON .AH          .            22.3582        +INF      6.865481E-11      
CON .FJ          .            22.3575        +INF            EPS         
CON .JX          .            18.2404        +INF      -8.78012E-11      
CON .SD          .           548.4188        +INF      -2.99495E-11      
CON .HA          .            38.8230        +INF            EPS         
CON .HB          .            96.4544        +INF      1.523070E-10      
CON .HN          .           101.0499        +INF      -2.56008E-10      
CON .GD          .            85.2044        +INF      1.887929E-10      
CON .GX          .            28.5706        +INF      1.932887E-10      
CON .HI          .            11.3632        +INF      1.460960E-10      
CON .CQ          .            14.0986        +INF      1.762660E-10      
CON .SC          .            73.7276        +INF      -5.77273E-11      
CON .GZ          .            13.9081        +INF            EPS         
CON .YN          .            31.2671        +INF      -2.08745E-10      
CON .SN          .            23.0547        +INF      1.309196E-10      
CON .GS          .            28.7965        +INF      1.458516E-10      
CON .QH          .             6.9576        +INF            EPS         
CON .NX          .             5.1491        +INF      3.846500E-10      
CON .XJ          .            28.1230        +INF      9.123282E-11      
TRP .BJ       634.8476       634.8476       634.8476         0.0001      
TRP .TJ       306.4823       306.4823       306.4823         0.0002      
TRP .HE       625.9763       625.9763       625.9763         0.0001      
TRP .SX       328.5925       328.5925       328.5925         0.0002      
TRP .NM       705.8255       705.8255       705.8255         0.0002      
TRP .LN      1278.8846      1278.8846      1278.8846         0.0002      
TRP .JL       294.6132       294.6132       294.6132         0.0001      
TRP .HL       413.1902       413.1902       413.1902         0.0001      
TRP .SH      1764.4478      1764.4478      1764.4478         0.0001      
TRP .JS       952.5988       952.5988       952.5988         0.0001      
TRP .ZJ       900.6237       900.6237       900.6237         0.0002      
TRP .AH       375.2201       375.2201       375.2201         0.0001      
TRP .FJ       449.7908       449.7908       449.7908         0.0001      
TRP .JX       332.4014       332.4014       332.4014         0.0002      
TRP .SD      1897.1472      1897.1472      1897.1472         0.0001      
TRP .HA       620.6874       620.6874       620.6874         0.0001      
TRP .HB       952.3456       952.3456       952.3456         0.0001      
TRP .HN       660.6140       660.6140       660.6140         0.0001      
TRP .GD      2057.9660      2057.9660      2057.9660   8.7771269E-5      
GAMS Rev 238  WEX-WEI 23.8.2 x86_64/MS Windows                                                                                                                                                                                        09/14/13 14:20:15 Page 22
G e n e r a l   A l g e b r a i c   M o d e l i n g   S y s t e m
Solution Report     SOLVE gua Using NLP From line 92


     VAR x  Adjusted provincial EBT value

               LOWER          LEVEL          UPPER         MARGINAL

TRP .GX       553.6521       553.6521       553.6521         0.0002      
TRP .HI       160.0895       160.0895       160.0895         0.0002      
TRP .CQ       397.0621       397.0621       397.0621         0.0002      
TRP .SC       732.1826       732.1826       732.1826         0.0002      
TRP .GZ       297.3907       297.3907       297.3907         0.0002      
TRP .YN       606.5771       606.5771       606.5771         0.0002      
TRP .SN       449.0033       449.0033       449.0033   9.2872733E-5      
TRP .GS       187.8884       187.8884       187.8884         0.0002      
TRP .QH        55.8019        55.8019        55.8019         0.0001      
TRP .NX       115.4306       115.4306       115.4306         0.0001      
TRP .XJ       380.3515       380.3515       380.3515         0.0001      
SER .BJ          .           212.1389        +INF            EPS         
SER .TJ          .           209.4769        +INF      4.122403E-11      
SER .HE          .            91.2994        +INF            EPS         
SER .SX          .            47.5093        +INF            EPS         
SER .NM          .           192.0044        +INF      7.997589E-12      
SER .LN          .           125.7166        +INF      -1.46583E-10      
SER .JL          .           210.4454        +INF      1.158299E-10      
SER .HL          .           349.9768        +INF            EPS         
SER .SH          .           411.1634        +INF      1.349340E-11      
SER .JS          .            42.6698        +INF            EPS         
SER .ZJ          .           174.0484        +INF      -1.64653E-11      
SER .AH          .             2.1862        +INF            EPS         
SER .FJ          .           175.5180        +INF      -2.46107E-11      
SER .JX          .            51.5840        +INF      3.236670E-11      
SER .SD          .           391.4658        +INF            EPS         
SER .HA          .            49.3541        +INF            EPS         
SER .HB          .           165.8865        +INF      -2.97842E-11      
SER .HN          .           151.5538        +INF      6.215858E-11      
SER .GD          .           385.4685        +INF      4.289928E-12      
SER .GX          .           116.1035        +INF      6.484321E-11      
SER .HI          .            35.7086        +INF      -6.02486E-11      
SER .CQ          .            34.3639        +INF            EPS         
SER .SC          .           197.3754        +INF            EPS         
SER .GZ          .            85.1362        +INF            EPS         
SER .YN          .            49.6234        +INF            EPS         
SER .SN          .            90.8087        +INF            EPS         
SER .GS          .            17.5099        +INF      -6.43820E-11      
SER .QH          .            13.9104        +INF            EPS         
SER .NX          .            14.6806        +INF            EPS         
SER .XJ          .           128.5428        +INF      -2.40780E-10      
HHG .BJ       287.4104       287.4104       287.4104         0.0016      
HHG .TJ        78.0002        78.0002        78.0002         0.0017      
HHG .HE       113.1000       113.1000       113.1000         0.0016      
HHG .SX        18.7873        18.7873        18.7873         0.0016      
HHG .NM        49.9012        49.9012        49.9012         0.0016      
HHG .LN       112.5310       112.5310       112.5310         0.0016      
HHG .JL       162.2925       162.2925       162.2925         0.0016      
HHG .HL       347.7793       347.7793       347.7793         0.0016      
GAMS Rev 238  WEX-WEI 23.8.2 x86_64/MS Windows                                                                                                                                                                                        09/14/13 14:20:15 Page 23
G e n e r a l   A l g e b r a i c   M o d e l i n g   S y s t e m
Solution Report     SOLVE gua Using NLP From line 92


     VAR x  Adjusted provincial EBT value

               LOWER          LEVEL          UPPER         MARGINAL

HHG .SH       226.2427       226.2427       226.2427         0.0016      
HHG .JS       300.9875       300.9875       300.9875         0.0016      
HHG .ZJ       449.9137       449.9137       449.9137         0.0016      
HHG .AH        75.4717        75.4717        75.4717         0.0016      
HHG .FJ       191.6690       191.6690       191.6690         0.0016      
HHG .JX        82.7515        82.7515        82.7515         0.0016      
HHG .SD       347.8017       347.8017       347.8017         0.0016      
HHG .HA        46.6939        46.6939        46.6939         0.0016      
HHG .HB       194.5033       194.5033       194.5033         0.0016      
HHG .HN        69.5679        69.5679        69.5679         0.0016      
HHG .GD       991.5853       991.5853       991.5853         0.0016      
HHG .GX       212.4882       212.4882       212.4882         0.0017      
HHG .HI        22.2938        22.2938        22.2938         0.0016      
HHG .CQ        16.1353        16.1353        16.1353         0.0017      
HHG .SC        14.9855        14.9855        14.9855         0.0016      
HHG .GZ        13.4435        13.4435        13.4435         0.0016      
HHG .YN       103.5619       103.5619       103.5619         0.0017      
HHG .SN       220.2836       220.2836       220.2836         0.0016      
HHG .GS        11.4924        11.4924        11.4924         0.0016      
HHG .QH        10.1072        10.1072        10.1072         0.0016      
HHG .NX         6.8060         6.8060         6.8060         0.0016      
HHG .XJ        48.4600        48.4600        48.4600         0.0016      

                           LOWER          LEVEL          UPPER         MARGINAL

---- VAR j                 -INF            4.2883        +INF             .          

  j  Objective function


**** REPORT SUMMARY :        0     NONOPT
                             0 INFEASIBLE
                             0  UNBOUNDED
                             0     ERRORS
GAMS Rev 238  WEX-WEI 23.8.2 x86_64/MS Windows                                                                                                                                                                                        09/14/13 14:20:15 Page 24
G e n e r a l   A l g e b r a i c   M o d e l i n g   S y s t e m
E x e c u t i o n


EXECUTION TIME       =        0.000 SECONDS      3 Mb  WEX238-238 Apr  3, 2012


USER: Joint Prog. On the Sci. & Policy of Glob. Chng.G110324:1716AP-GEN
      Massachusetts Institute of Technology                        DC11
      License for teaching and research at degree granting institutions


**** FILE SUMMARY

Input      C:\Users\zhangda\Dropbox\ChinaBalancedSAM4\egybalance.gms
Output     C:\Users\zhangda\Dropbox\ChinaBalancedSAM4\listings\ROIL_balance.lst
